12-11 16:31:56.713 V/ResourcesManager(27378): The following library key has been added: ResourcesKey{ mHash=ba077ccc mResDir=null mSplitDirs=[] mOverlayDirs=[] mLibDirs=[/data/app/~~y3sHSz4leQeY-5wrDLcMBA==/com.google.android.webview-01run0BoQfENv1y96da6-w==/base.apk,/data/app/~~MIctULcvL0KmfIGG3tzBgQ==/com.google.android.trichromelibrary_744417133-TOOsqZGkq92k-Prcib-ttw==/base.apk,/system_ext/framework/androidx.window.extensions.jar] mDisplayId=0 mOverrideConfig=v36 mCompatInfo={420dpi always-compat} mLoaders=[]}
12-11 16:31:56.713 W/st.exp.exponent(27378): Failed to find entry 'classes.dex': Entry not found
12-11 16:31:56.714 D/ApplicationLoaders(27378): Returning zygote-cached class loader: /system_ext/framework/androidx.window.extensions.jar
12-11 16:31:56.779 D/CoreBackPreview(  724): Window{ba56d48 u0 Splash Screen host.exp.exponent EXITING}: Setting back callback null
12-11 16:31:56.919 I/ReactNative(27378): [GESTURE HANDLER] Gesture handler is already enabled for a parent view
12-11 16:31:56.919 I/ReactNative(27378): [GESTURE HANDLER] Gesture handler is already enabled for a parent view
12-11 16:31:56.921 I/ReactNative(27378): [GESTURE HANDLER] Gesture handler is already enabled for a parent view
12-11 16:31:56.926 D/nativeloader(27378): Load /data/app/~~mT-jYKGSrXS4RA9sqTOm7w==/host.exp.exponent-9Q_HMbF9D5NCr3yNF-blmg==/base.apk!/lib/arm64-v8a/libimagepipeline.so using class loader ns clns-9 (caller=/data/app/~~mT-jYKGSrXS4RA9sqTOm7w==/host.exp.exponent-9Q_HMbF9D5NCr3yNF-blmg==/base.apk!classes2.dex): ok
12-11 16:31:56.995 D/CoreBackPreview(  724): Window{69d4b51 u0 host.exp.exponent/host.exp.exponent.LauncherActivity}: Setting back callback null
12-11 16:31:57.125 D/CoreBackPreview(  724): Window{3601534 u0 Splash Screen host.exp.exponent}: Setting back callback null
12-11 16:31:57.186 D/nativeloader(27378): Load /data/app/~~mT-jYKGSrXS4RA9sqTOm7w==/host.exp.exponent-9Q_HMbF9D5NCr3yNF-blmg==/base.apk!/lib/arm64-v8a/libexpo-av.so using class loader ns clns-9 (caller=/data/app/~~mT-jYKGSrXS4RA9sqTOm7w==/host.exp.exponent-9Q_HMbF9D5NCr3yNF-blmg==/base.apk!classes4.dex): ok
12-11 16:31:57.213 W/unknown:ReactNative(27378): Packager connection already open, nooping.
12-11 16:31:57.388 I/ExpoModulesCore(27378): ✅ Constants were exported
12-11 16:31:57.600 E/ReactNativeJS(27378): [runtime not ready]: TypeError: Cannot read property 'RNFSFileTypeRegular' of null
12-11 16:31:57.603 E/unknown:ReactNative(27378): Exception in native call from JS
12-11 16:31:57.603 E/unknown:ReactNative(27378): com.facebook.react.common.JavascriptException: [runtime not ready]: TypeError: Cannot read property 'RNFSFileTypeRegular' of null, stack:
12-11 16:31:57.603 E/unknown:ReactNative(27378): anonymous@190508:39
12-11 16:31:57.603 E/unknown:ReactNative(27378): loadModuleImplementation@252:40
12-11 16:31:57.603 E/unknown:ReactNative(27378): guardedLoadModule@165:37
12-11 16:31:57.603 E/unknown:ReactNative(27378): metroRequire@78:91
12-11 16:31:57.603 E/unknown:ReactNative(27378): anonymous@189967:30
12-11 16:31:57.603 E/unknown:ReactNative(27378): loadModuleImplementation@252:40
12-11 16:31:57.603 E/unknown:ReactNative(27378): guardedLoadModule@165:37
12-11 16:31:57.603 E/unknown:ReactNative(27378): metroRequire@78:91
12-11 16:31:57.603 E/unknown:ReactNative(27378): anonymous@186531:51
12-11 16:31:57.603 E/unknown:ReactNative(27378): loadModuleImplementation@252:40
12-11 16:31:57.603 E/unknown:ReactNative(27378): guardedLoadModule@165:37
12-11 16:31:57.603 E/unknown:ReactNative(27378): metroRequire@78:91
12-11 16:31:57.603 E/unknown:ReactNative(27378): anonymous@184855:48
12-11 16:31:57.603 E/unknown:ReactNative(27378): loadModuleImplementation@252:40
12-11 16:31:57.603 E/unknown:ReactNative(27378): guardedLoadModule@165:37
12-11 16:31:57.603 E/unknown:ReactNative(27378): metroRequire@78:91
12-11 16:31:57.603 E/unknown:ReactNative(27378): anonymous@158532:30
12-11 16:31:57.603 E/unknown:ReactNative(27378): loadModuleImplementation@252:40
12-11 16:31:57.603 E/unknown:ReactNative(27378): guardedLoadModule@165:37
12-11 16:31:57.603 E/unknown:ReactNative(27378): metroRequire@78:91
12-11 16:31:57.603 E/unknown:ReactNative(27378): anonymous@158263:29
12-11 16:31:57.603 E/unknown:ReactNative(27378): loadModuleImplementation@252:40
12-11 16:31:57.603 E/unknown:ReactNative(27378): guardedLoadModule@165:37
12-11 16:31:57.603 E/unknown:ReactNative(27378): metroRequire@78:91
12-11 16:31:57.603 E/unknown:ReactNative(27378): anonymous@135151:26
12-11 16:31:57.603 E/unknown:ReactNative(27378): loadModuleImplementation@252:40
12-11 16:31:57.603 E/unknown:ReactNative(27378): guardedLoadModule@165:37
12-11 16:31:57.603 E/unknown:ReactNative(27378): metroRequire@78:91
12-11 16:31:57.603 E/unknown:ReactNative(27378): anonymous@135020:39
12-11 16:31:57.603 E/unknown:ReactNative(27378): loadModuleImplementation@252:40
12-11 16:31:57.603 E/unknown:ReactNative(27378): guardedLoadModule@165:37
12-11 16:31:57.603 E/unknown:ReactNative(27378): metroRequire@78:91
12-11 16:31:57.603 E/unknown:ReactNative(27378): anonymous@107062:37
12-11 16:31:57.603 E/unknown:ReactNative(27378): loadModuleImplementation@252:40
12-11 16:31:57.603 E/unknown:ReactNative(27378): guardedLoadModule@165:37
12-11 16:31:57.603 E/unknown:ReactNative(27378): metroRequire@78:91
12-11 16:31:57.603 E/unknown:ReactNative(27378): anonymous@3856:20
12-11 16:31:57.603 E/unknown:ReactNative(27378): loadModuleImplementation@252:40
12-11 16:31:57.603 E/unknown:ReactNative(27378): guardedLoadModule@158:46
12-11 16:31:57.603 E/unknown:ReactNative(27378): metroRequire@78:91
12-11 16:31:57.603 E/unknown:ReactNative(27378): global@219169:3
12-11 16:31:57.603 E/unknown:ReactNative(27378): 
12-11 16:31:57.603 E/unknown:ReactNative(27378): 	at com.facebook.react.modules.core.ExceptionsManagerModule.reportException(SourceFile:76)
12-11 16:31:57.603 E/unknown:ReactNative(27378): 	at com.facebook.react.runtime.ReactInstance$ReactJsExceptionHandlerImpl.reportJsException(SourceFile:22)
12-11 16:31:57.603 E/unknown:ReactNative(27378): 	at com.facebook.jni.NativeRunnable.run(Native Method)
12-11 16:31:57.603 E/unknown:ReactNative(27378): 	at android.os.Handler.handleCallback(Handler.java:1070)
12-11 16:31:57.603 E/unknown:ReactNative(27378): 	at android.os.Handler.dispatchMessage(Handler.java:125)
12-11 16:31:57.603 E/unknown:ReactNative(27378): 	at com.facebook.react.bridge.queue.MessageQueueThreadHandler.dispatchMessage(SourceFile:6)
12-11 16:31:57.603 E/unknown:ReactNative(27378): 	at android.os.Looper.dispatchMessage(Looper.java:333)
12-11 16:31:57.603 E/unknown:ReactNative(27378): 	at android.os.Looper.loopOnce(Looper.java:263)
12-11 16:31:57.603 E/unknown:ReactNative(27378): 	at android.os.Looper.loop(Looper.java:367)
12-11 16:31:57.603 E/unknown:ReactNative(27378): 	at com.facebook.react.bridge.queue.MessageQueueThreadImpl$Companion.startNewBackgroundThread$lambda$1(SourceFile:38)
12-11 16:31:57.603 E/unknown:ReactNative(27378): 	at com.facebook.react.bridge.queue.MessageQueueThreadImpl$Companion.a(SourceFile:1)
12-11 16:31:57.603 E/unknown:ReactNative(27378): 	at com.facebook.react.bridge.queue.c.run(SourceFile:1)
12-11 16:31:57.603 E/unknown:ReactNative(27378): 	at java.lang.Thread.run(Thread.java:1563)
12-11 16:31:57.605 I/ReactNativeJS(27378): Running "main" with {"rootTag":11,"initialProps":{"exp":{"initialUri":"exp://192.168.1.4:8083","shell":false,"manifestString":"{\"id\":\"be79b5f1-97f5-4c87-b372-0728a7605248\",\"createdAt\":\"2025-12-11T22:31:58.251Z\",\"runtimeVersion\":\"exposdk:54.0.0\",\"launchAsset\":{\"key\":\"bundle\",\"contentType\":\"application\\/javascript\",\"url\":\"http:\\/\\/192.168.1.4:8083\\/index.ts.bundle?platform=android&dev=true&hot=false&lazy=true&transform.engine=hermes&transform.bytecode=1&transform.routerRoot=app&unstable_transformProfile=hermes-stable\"},\"assets\":[],\"metadata\":{},\"extra\":{\"eas\":{},\"expoClient\":{\"name\":\"FacturasSimplesRN\",\"slug\":\"FacturasSimplesRN\",\"version\":\"1.0.0\",\"orientation\":\"portrait\",\"icon\":\".\\/assets\\/icon.png\",\"userInterfaceStyle\":\"light\",\"newArchEnabled\":true,\"scheme\":\"facturassimplesrn\",\"splash\":{\"image\":\".\\/assets\\/splash-icon.png\",\"resizeMode\":\"contain\",\"backgroundColor\":\"#ffffff\",\"imageUrl\":\"http:\\/\\/192.168.1.4:8083\\/assets\\/.\\/assets\\/splash-icon.png\"},\"ios\":{\"supportsTablet\":true,\"bundleIdentifier\":\"com.anonymous.FacturasSimplesRN\"},\"android\":{\"adaptiveIcon\":{\"foregroundImage\":\".\\/assets\\/adaptive-icon.png\",\"backgroundColor\":\"#ffffff\",\"foregroundImageUrl\":\"http:\\/\\/192.168.1.4:8083\\/assets\\/.\\/assets\\/adaptive-icon.png\"},\"edgeToEdgeEnabled\":true,\"predictiveBackGestureEnabled\":false,\"package\":\"com.anonymous.FacturasSimplesRN\"},\"web\":{\"favicon\":\".\\/assets\\/favicon.png\"},\"plugins\":[\"expo-web-browser\"],\"_internal\":{\"isDebug\":false,\"projectRoot\":\"\\/Users\\/jorgeflores\\/github\\/App.ReactNative\\/FacturasSimplesRN\",\"dynamicConfigPath\":{},\"staticConfigPath\":\"\\/Users\\/jorgeflores\\/github\\/App.ReactNative\\/FacturasSimplesRN\\/app.json\",\"packageJsonPath\":\"\\/Users\\/jorgeflores\\/github\\/App.ReactNative\\/FacturasSimplesRN\\/package.json\",\"pluginHistory\":{\"expo-web-browser\":{\"name\":\"expo-web-browser\",\"version\":\"15.0.10\"}}},\"sdkVersion\":\"54.0.0\",\"platforms\":[\"ios\",\"android\"],\"iconUrl\":\"http:\\/\\/192.168.1.4:8083\\/assets\\/.\\/assets\\/icon.png\",\"hostUri\":\"192.168.1.4:8083\"},\"expoGo\":{\"debuggerHost\":\"192.168.1.4:8083\",\"developer\":{\"tool\":\"expo-cli\",\"projectRoot\":\"\\/Users\\/jorgeflores\\/github\\/App.ReactNative\\/FacturasSimplesRN\"},\"packagerOpts\":{\"dev\":true},\"mainModuleName\":\"index.ts\"},\"scopeKey\":\"@anonymous\\/FacturasSimplesRN-111d7ad7-aad3-4d92-b3f4-864ac2797137\"},\"isVerified\":true}"}},"fabric":true}
12-11 16:31:57.621 I/MediaFocusControl(  724): abandonAudioFocus() from uid/pid 10216/27378 clientId=android.media.AudioManager@12567c4expo.modules.av.AVManager@a376d7c callingPack=host.exp.exponent
12-11 16:31:57.635 I/MediaFocusControl(  724): abandonAudioFocus() from uid/pid 10216/27378 clientId=android.media.AudioManager@12567c4expo.modules.av.AVManager@a376d7c callingPack=host.exp.exponent
12-11 16:31:57.635 E/unknown:ReactNative(27378): Tried to remove non-existent frame callback
12-11 16:31:57.637 D/CoreBackPreview(  724): Window{d2e53c u0 host.exp.exponent/host.exp.exponent.experience.ExperienceActivity}: Setting back callback OnBackInvokedCallbackInfo{mCallback=android.window.IOnBackInvokedCallback$Stub$Proxy@fc39dbe, mPriority=0, mIsAnimationCallback=false, mOverrideBehavior=0}
12-11 16:31:57.681 W/unknown:ReactNative(27378): Tried to enqueue runnable on already finished thread: 'v_native... dropping Runnable.
12-11 16:31:57.686 E/ReactNativeJS(27378): [runtime not ready]: TypeError: Cannot assign to read-only property 'NONE'
12-11 16:31:57.687 E/ReactNativeJS(27378): [runtime not ready]: TypeError: Cannot assign to read-only property 'NONE'
12-11 16:31:57.695 I/ImeTracker(  724): host.exp.exponent:f08d14d6: onRequestHide at ORIGIN_SERVER reason HIDE_UNSPECIFIED_WINDOW fromUser false
12-11 16:31:57.696 I/ImeTracker(27378): host.exp.exponent:f08d14d6: onCancelled at PHASE_CLIENT_ALREADY_HIDDEN
12-11 16:31:57.699 I/GoogleInputMethodService(12306): GoogleInputMethodService.onStartInput():1347 onStartInput(EditorInfo{EditorInfo{packageName=host.exp.exponent, inputType=0, inputTypeString=NULL, enableLearning=false, autoCorrection=false, autoComplete=false, imeOptions=0, privateImeOptions=null, actionName=UNSPECIFIED, actionLabel=null, initialSelStart=-1, initialSelEnd=-1, initialCapsMode=0, label=null, fieldId=0, fieldName=null, extras=null, hintText=null, hintLocales=[]}}, false)
12-11 16:31:57.702 W/PackageConfigPersister(  724): App-specific configuration not found for packageName: host.exp.exponent and userId: 0
12-11 16:31:57.727 W/unknown:ReactNative(27378): Tried to enqueue runnable on already finished thread: 'v_native... dropping Runnable.
12-11 16:31:57.727 E/unknown:ReactNative(27378): Tried to remove non-existent frame callback
12-11 16:31:57.729 W/unknown:ReactNative(27378): Tried to enqueue runnable on already finished thread: 'v_native... dropping Runnable.
12-11 16:31:57.729 W/unknown:ReactNative(27378): Tried to enqueue runnable on already finished thread: 'v_native... dropping Runnable.
12-11 16:31:57.729 W/unknown:ReactNative(27378): Tried to enqueue runnable on already finished thread: 'v_native... dropping Runnable.
12-11 16:31:57.729 W/unknown:ReactNative(27378): Tried to enqueue runnable on already finished thread: 'v_native... dropping Runnable.
12-11 16:31:57.729 W/unknown:ReactNative(27378): Tried to enqueue runnable on already finished thread: 'v_native... dropping Runnable.
12-11 16:31:57.729 W/unknown:ReactNative(27378): Tried to enqueue runnable on already finished thread: 'v_native... dropping Runnable.
12-11 16:31:57.729 W/unknown:ReactNative(27378): Tried to enqueue runnable on already finished thread: 'v_native... dropping Runnable.
12-11 16:31:57.729 W/unknown:ReactNative(27378): Tried to enqueue runnable on already finished thread: 'v_native... dropping Runnable.
12-11 16:31:57.729 W/unknown:ReactNative(27378): Tried to enqueue runnable on already finished thread: 'v_native... dropping Runnable.
12-11 16:31:57.729 W/unknown:ReactNative(27378): Tried to enqueue runnable on already finished thread: 'v_native... dropping Runnable.
12-11 16:31:57.729 W/unknown:ReactNative(27378): Tried to enqueue runnable on already finished thread: 'v_native... dropping Runnable.
12-11 16:31:57.729 W/unknown:ReactNative(27378): Tried to enqueue runnable on already finished thread: 'v_native... dropping Runnable.
12-11 16:31:57.729 W/unknown:ReactNative(27378): Tried to enqueue runnable on already finished thread: 'v_native... dropping Runnable.
12-11 16:31:57.729 W/unknown:ReactNative(27378): Tried to enqueue runnable on already finished thread: 'v_native... dropping Runnable.
12-11 16:31:57.729 W/unknown:ReactNative(27378): Tried to enqueue runnable on already finished thread: 'v_native... dropping Runnable.
12-11 16:31:57.729 W/unknown:ReactNative(27378): Tried to enqueue runnable on already finished thread: 'v_native... dropping Runnable.
12-11 16:31:57.729 W/unknown:ReactNative(27378): Tried to enqueue runnable on already finished thread: 'v_native... dropping Runnable.
12-11 16:31:57.729 W/unknown:ReactNative(27378): Tried to enqueue runnable on already finished thread: 'v_native... dropping Runnable.
12-11 16:31:57.729 W/unknown:ReactNative(27378): Tried to enqueue runnable on already finished thread: 'v_native... dropping Runnable.
12-11 16:31:57.729 W/unknown:ReactNative(27378): Tried to enqueue runnable on already finished thread: 'v_native... dropping Runnable.
12-11 16:31:57.729 W/unknown:ReactNative(27378): Tried to enqueue runnable on already finished thread: 'v_native... dropping Runnable.
12-11 16:31:57.731 W/unknown:ReactNative(27378): Tried to enqueue runnable on already finished thread: 'v_native... dropping Runnable.
12-11 16:31:57.731 W/unknown:ReactNative(27378): Tried to enqueue runnable on already finished thread: 'v_native... dropping Runnable.
12-11 16:31:57.731 W/unknown:ReactNative(27378): Tried to enqueue runnable on already finished thread: 'v_native... dropping Runnable.
12-11 16:31:57.731 W/unknown:ReactNative(27378): Tried to enqueue runnable on already finished thread: 'v_native... dropping Runnable.
12-11 16:31:57.731 W/unknown:ReactNative(27378): Tried to enqueue runnable on already finished thread: 'v_native... dropping Runnable.
12-11 16:31:57.731 W/unknown:ReactNative(27378): Tried to enqueue runnable on already finished thread: 'v_native... dropping Runnable.
12-11 16:31:57.748 I/native  ( 3863): I0000 00:00:1765492317.747343    3863 data_source.cc:95] Opening data source "/data/user_de/0/com.google.android.tts/files/superpacks/en-us/en-us-x-multi-seanet-r83/../en-us-x-multi-r83/burdock_frame_config.pb" (as: FILE) ...
12-11 16:31:57.749 I/native  ( 3863): I0000 00:00:1765492317.749892    3863 data_source.cc:99] ... Opened data source "/data/user_de/0/com.google.android.tts/files/superpacks/en-us/en-us-x-multi-seanet-r83/../en-us-x-multi-r83/burdock_frame_config.pb" of size 68
12-11 16:31:57.754 I/native  ( 3863): I0000 00:00:1765492317.754283    3863 android_resource_loader.cc:100] Built resource acoustic_frame_config
12-11 16:31:57.754 I/native  ( 3863): I0000 00:00:1765492317.754322    3863 android_resource_loader.cc:116] Loaded resource:acoustic_frame_config
12-11 16:31:58.461 W/st.exp.exponent(27378): Cleared Reference was only reachable from finalizer (only reported once)
12-11 16:31:58.463 W/st.exp.exponent(27378): userfaultfd: MOVE ioctl seems unsupported: Connection timed out
12-11 16:32:02.127 D/ProfileInstaller(27378): Skipping profile installation for host.exp.exponent
12-11 16:32:05.615 W/unknown:ReconnectingWebSocket(27378): Couldn't connect to "ws://192.168.1.4:8083/message?device=sdk_gphone64_arm64%20-%2016%20-%20API%2036&app=host.exp.exponent&clientid=BridgelessDevSupportManager", will silently retry
12-11 16:32:08.806 D/CoreBackPreview(  724): startBackNavigation currentTask=Task{d77122e #53 type=standard A=10216:host.exp.exponent}, topRunningActivity=ActivityRecord{23071913 u0 host.exp.exponent/.experience.ExperienceActivity t53}, callbackInfo=OnBackInvokedCallbackInfo{mCallback=android.window.IOnBackInvokedCallback$Stub$Proxy@fc39dbe, mPriority=0, mIsAnimationCallback=false, mOverrideBehavior=0}, currentFocus=Window{d2e53c u0 host.exp.exponent/host.exp.exponent.experience.ExperienceActivity}
12-11 16:32:14.094 D/CoreBackPreview(  724): Window{d2e53c u0 host.exp.exponent/host.exp.exponent.experience.ExperienceActivity}: Setting back callback null
12-11 16:32:14.148 I/ImeTracker(  724): host.exp.exponent:a4339ec: onRequestHide at ORIGIN_SERVER reason HIDE_UNSPECIFIED_WINDOW fromUser false
12-11 16:32:14.149 I/ImeTracker(27378): host.exp.exponent:a4339ec: onCancelled at PHASE_CLIENT_ALREADY_HIDDEN
12-11 16:32:14.149 I/GoogleInputMethodService(12306): GoogleInputMethodService.onStartInput():1347 onStartInput(EditorInfo{EditorInfo{packageName=host.exp.exponent, inputType=0, inputTypeString=NULL, enableLearning=false, autoCorrection=false, autoComplete=false, imeOptions=0, privateImeOptions=null, actionName=UNSPECIFIED, actionLabel=null, initialSelStart=-1, initialSelEnd=-1, initialCapsMode=0, label=null, fieldId=0, fieldName=null, extras=null, hintText=null, hintLocales=[]}}, false)
12-11 16:32:14.152 W/PackageConfigPersister(  724): App-specific configuration not found for packageName: host.exp.exponent and userId: 0
12-11 16:32:16.355 D/RecentsView( 1112): onGestureAnimationStart - groupedTaskInfo: Desk ID= -1, Desk Display ID=-1, Tasks=[id=53 winMode=fullscreen visReq=true vis=true excluded=false baseIntent=host.exp.exponent/.experience.ExperienceActivity], Type=FULLSCREEN, Minimized Task IDs=null
12-11 16:32:16.355 D/RecentsView( 1112): showCurrentTask(onGestureAnimationStart) - groupedTaskInfo: Desk ID= -1, Desk Display ID=-1, Tasks=[id=53 winMode=fullscreen visReq=true vis=true excluded=false baseIntent=host.exp.exponent/.experience.ExperienceActivity], Type=FULLSCREEN, Minimized Task IDs=null
12-11 16:32:16.403 V/WindowManager(  724):         {WCT{RemoteToken{b448933 Task{d77122e #53 type=standard A=10216:host.exp.exponent}}} m=TO_BACK f=NONE leash=Surface(name=Task=53#1720)/@0x88b83af sb=Rect(0, 0 - 1080, 2424) eb=Rect(0, 0 - 1080, 2424) epz=Point(1080, 2424) d=0 taskParent=-1 winMode=1 userId=0},
12-11 16:32:16.431 D/RecentsView( 1112): onGestureAnimationStart - groupedTaskInfo: Desk ID= -1, Desk Display ID=-1, Tasks=[id=53 winMode=fullscreen visReq=false vis=false excluded=false baseIntent=host.exp.exponent/.experience.ExperienceActivity], Type=FULLSCREEN, Minimized Task IDs=null
12-11 16:32:16.431 D/RecentsView( 1112): showCurrentTask(onGestureAnimationStart) - groupedTaskInfo: Desk ID= -1, Desk Display ID=-1, Tasks=[id=53 winMode=fullscreen visReq=false vis=false excluded=false baseIntent=host.exp.exponent/.experience.ExperienceActivity], Type=FULLSCREEN, Minimized Task IDs=null
12-11 16:32:16.434 I/InputDispatcher(  724): Channel [Gesture Monitor] swipe-up is stealing input gesture for device 3 from [eada208 host.exp.exponent/host.exp.exponent.experience.ExperienceActivity, [Gesture Monitor] edge-swipe]
12-11 16:32:17.185 D/android.hardware.audio@7.1-impl.ranchu(  517): threadLoop: entering standby, frames: 12343360
12-11 16:32:17.663 W/unknown:ReactNative(27378): Packager connection lock acquired, cannot close current connection.
12-11 16:32:17.663 W/unknown:Fresco(27378): Fresco has already been initialized! `Fresco.initialize(...)` should only be called 1 single time to avoid memory leaks!
12-11 16:32:17.666 D/CoreBackPreview(  724): Window{eada208 u0 host.exp.exponent/host.exp.exponent.experience.ExperienceActivity}: Setting back callback null
12-11 16:32:18.027 I/ActivityManager(  724): Killing 27378:host.exp.exponent/u0a216 (adj 900): remove task
12-11 16:32:18.028 D/CoreBackPreview(  724): Window{7455142 u0 host.exp.exponent/host.exp.exponent.experience.HomeActivity}: Setting back callback null
12-11 16:32:18.041 I/WindowManager(  724): WIN DEATH: Window{7455142 u0 host.exp.exponent/host.exp.exponent.experience.HomeActivity}
12-11 16:32:18.042 D/ConnectivityService(  724): releasing NetworkRequest [ REQUEST id=459, [ Capabilities: INTERNET&NOT_RESTRICTED&TRUSTED&NOT_VCN_MANAGED&NOT_BANDWIDTH_CONSTRAINED Uid: 10216 RequestorUid: 10216 RequestorPkg: host.exp.exponent UnderlyingNetworks: Null] ] (release request)
12-11 16:32:18.042 D/ConnectivityService(  724): releasing NetworkRequest [ REQUEST id=461, [ Capabilities: INTERNET&NOT_RESTRICTED&TRUSTED&NOT_VCN_MANAGED&NOT_BANDWIDTH_CONSTRAINED Uid: 10216 RequestorUid: 10216 RequestorPkg: host.exp.exponent UnderlyingNetworks: Null] ] (release request)
12-11 16:32:18.050 W/UsageStatsService(  724): Unexpected activity event reported! (host.exp.exponent/host.exp.exponent.experience.HomeActivity event : 23 instanceId : 92272776)
12-11 16:32:28.807 I/ActivityManager(  724): Start proc 27563:host.exp.exponent/u0a216 for service {host.exp.exponent/com.google.android.datatransport.runtime.scheduling.jobscheduling.JobInfoSchedulerService}
12-11 16:32:28.837 I/Zygote  (27563): Process 27563 created for host.exp.exponent
12-11 16:32:28.837 I/st.exp.exponent(27563): Using CollectorTypeCMC GC.
12-11 16:32:28.848 D/nativeloader(27563): Load libframework-connectivity-tiramisu-jni.so using APEX ns com_android_tethering for caller /apex/com.android.tethering/javalib/framework-connectivity-t.jar: ok
12-11 16:32:28.856 D/ApplicationLoaders(27563): Returning zygote-cached class loader: /system/framework/org.apache.http.legacy.jar
12-11 16:32:28.864 D/nativeloader(27563): Configuring clns-9 for other apk /data/app/~~mT-jYKGSrXS4RA9sqTOm7w==/host.exp.exponent-9Q_HMbF9D5NCr3yNF-blmg==/base.apk. target_sdk_version=36, uses_libraries=, library_path=/data/app/~~mT-jYKGSrXS4RA9sqTOm7w==/host.exp.exponent-9Q_HMbF9D5NCr3yNF-blmg==/lib/arm64:/data/app/~~mT-jYKGSrXS4RA9sqTOm7w==/host.exp.exponent-9Q_HMbF9D5NCr3yNF-blmg==/base.apk!/lib/arm64-v8a, permitted_path=/data:/mnt/expand:/data/user/0/host.exp.exponent
12-11 16:32:28.866 V/GraphicsEnvironment(27563): host.exp.exponent is not listed in per-application setting
12-11 16:32:28.873 D/nativeloader(27563): Load /data/app/~~mT-jYKGSrXS4RA9sqTOm7w==/host.exp.exponent-9Q_HMbF9D5NCr3yNF-blmg==/base.apk!/lib/arm64-v8a/libcrashlytics.so using class loader ns clns-9 (caller=/data/app/~~mT-jYKGSrXS4RA9sqTOm7w==/host.exp.exponent-9Q_HMbF9D5NCr3yNF-blmg==/base.apk!classes3.dex): ok
12-11 16:32:28.877 I/FirebaseCrashlytics(27563): Initializing Firebase Crashlytics 19.3.0 for host.exp.exponent
12-11 16:32:28.878 W/st.exp.exponent(27563): ClassLoaderContext classpath size mismatch. expected=1, found=0 (DLC[];PCL[base.apk*2488068253]{PCL[/system/framework/org.apache.http.legacy.jar*1269945583]#PCL[/system/framework/com.android.media.remotedisplay.jar*1296079867]#PCL[/system/framework/com.android.location.provider.jar*1489720897]#PCL[/system_ext/framework/androidx.window.extensions.jar*1272918975]#PCL[/system_ext/framework/androidx.window.sidecar.jar*3267387525]} | DLC[];PCL[])
12-11 16:32:28.885 W/st.exp.exponent(27563): ClassLoaderContext classpath element checksum mismatch. expected=2488068253, found=2389167874 (DLC[];PCL[base.apk*2488068253]{PCL[/system/framework/org.apache.http.legacy.jar*1269945583]#PCL[/system/framework/com.android.media.remotedisplay.jar*1296079867]#PCL[/system/framework/com.android.location.provider.jar*1489720897]#PCL[/system_ext/framework/androidx.window.extensions.jar*1272918975]#PCL[/system_ext/framework/androidx.window.sidecar.jar*3267387525]} | DLC[];PCL[/data/app/~~mT-jYKGSrXS4RA9sqTOm7w==/host.exp.exponent-9Q_HMbF9D5NCr3yNF-blmg==/base.apk*2389167874]{PCL[/system/framework/org.apache.http.legacy.jar*1269945583]})
12-11 16:32:28.898 I/PhenotypeResourceReader(13133): unable to find any Phenotype resource metadata for host.exp.exponent
12-11 16:32:28.899 E/st.exp.exponent(27563): No package ID 6a found for resource ID 0x6a0b000f.
12-11 16:32:28.900 W/SoLoader(27563): Recording new base apk path: /data/app/~~mT-jYKGSrXS4RA9sqTOm7w==/host.exp.exponent-9Q_HMbF9D5NCr3yNF-blmg==/base.apk
12-11 16:32:28.900 I/SoLoader(27563): Preparing SO source: DirectApkSoSource[root = [/data/app/~~mT-jYKGSrXS4RA9sqTOm7w==/host.exp.exponent-9Q_HMbF9D5NCr3yNF-blmg==/base.apk!/lib/arm64-v8a]]
12-11 16:32:28.901 I/FA      (27563):   adb shell setprop debug.firebase.analytics.app host.exp.exponent
12-11 16:32:28.901 I/SoLoader(27563): Preparing SO source: ApplicationSoSource[DirectorySoSource[root = /data/app/~~mT-jYKGSrXS4RA9sqTOm7w==/host.exp.exponent-9Q_HMbF9D5NCr3yNF-blmg==/lib/arm64 flags = 0]]
12-11 16:32:28.904 D/nativeloader(27563): Load /data/app/~~mT-jYKGSrXS4RA9sqTOm7w==/host.exp.exponent-9Q_HMbF9D5NCr3yNF-blmg==/base.apk!/lib/arm64-v8a/libc++_shared.so using class loader ns clns-9 (caller=/data/app/~~mT-jYKGSrXS4RA9sqTOm7w==/host.exp.exponent-9Q_HMbF9D5NCr3yNF-blmg==/base.apk!classes2.dex): ok
12-11 16:32:28.905 D/nativeloader(27563): Load /data/app/~~mT-jYKGSrXS4RA9sqTOm7w==/host.exp.exponent-9Q_HMbF9D5NCr3yNF-blmg==/base.apk!/lib/arm64-v8a/libjsi.so using class loader ns clns-9 (caller=/data/app/~~mT-jYKGSrXS4RA9sqTOm7w==/host.exp.exponent-9Q_HMbF9D5NCr3yNF-blmg==/base.apk!classes2.dex): ok
12-11 16:32:28.907 D/nativeloader(27563): Load /data/app/~~mT-jYKGSrXS4RA9sqTOm7w==/host.exp.exponent-9Q_HMbF9D5NCr3yNF-blmg==/base.apk!/lib/arm64-v8a/libfbjni.so using class loader ns clns-9 (caller=/data/app/~~mT-jYKGSrXS4RA9sqTOm7w==/host.exp.exponent-9Q_HMbF9D5NCr3yNF-blmg==/base.apk!classes2.dex): ok
12-11 16:32:28.908 D/nativeloader(27563): Load /data/app/~~mT-jYKGSrXS4RA9sqTOm7w==/host.exp.exponent-9Q_HMbF9D5NCr3yNF-blmg==/base.apk!/lib/arm64-v8a/libreactnative.so using class loader ns clns-9 (caller=/data/app/~~mT-jYKGSrXS4RA9sqTOm7w==/host.exp.exponent-9Q_HMbF9D5NCr3yNF-blmg==/base.apk!classes2.dex): ok
12-11 16:32:28.912 D/nativeloader(27563): Load /data/app/~~mT-jYKGSrXS4RA9sqTOm7w==/host.exp.exponent-9Q_HMbF9D5NCr3yNF-blmg==/base.apk!/lib/arm64-v8a/libreact_codegen_rnscreens.so using class loader ns clns-9 (caller=/data/app/~~mT-jYKGSrXS4RA9sqTOm7w==/host.exp.exponent-9Q_HMbF9D5NCr3yNF-blmg==/base.apk!classes2.dex): ok
12-11 16:32:28.916 D/nativeloader(27563): Load /data/app/~~mT-jYKGSrXS4RA9sqTOm7w==/host.exp.exponent-9Q_HMbF9D5NCr3yNF-blmg==/base.apk!/lib/arm64-v8a/libreact_codegen_rnsvg.so using class loader ns clns-9 (caller=/data/app/~~mT-jYKGSrXS4RA9sqTOm7w==/host.exp.exponent-9Q_HMbF9D5NCr3yNF-blmg==/base.apk!classes2.dex): ok
12-11 16:32:28.916 D/nativeloader(27563): Load /data/app/~~mT-jYKGSrXS4RA9sqTOm7w==/host.exp.exponent-9Q_HMbF9D5NCr3yNF-blmg==/base.apk!/lib/arm64-v8a/libreact_codegen_RNCSlider.so using class loader ns clns-9 (caller=/data/app/~~mT-jYKGSrXS4RA9sqTOm7w==/host.exp.exponent-9Q_HMbF9D5NCr3yNF-blmg==/base.apk!classes2.dex): ok
12-11 16:32:28.917 D/nativeloader(27563): Load /data/app/~~mT-jYKGSrXS4RA9sqTOm7w==/host.exp.exponent-9Q_HMbF9D5NCr3yNF-blmg==/base.apk!/lib/arm64-v8a/libreact_codegen_safeareacontext.so using class loader ns clns-9 (caller=/data/app/~~mT-jYKGSrXS4RA9sqTOm7w==/host.exp.exponent-9Q_HMbF9D5NCr3yNF-blmg==/base.apk!classes2.dex): ok
12-11 16:32:28.918 D/nativeloader(27563): Load /data/app/~~mT-jYKGSrXS4RA9sqTOm7w==/host.exp.exponent-9Q_HMbF9D5NCr3yNF-blmg==/base.apk!/lib/arm64-v8a/libreact_codegen_rnpicker.so using class loader ns clns-9 (caller=/data/app/~~mT-jYKGSrXS4RA9sqTOm7w==/host.exp.exponent-9Q_HMbF9D5NCr3yNF-blmg==/base.apk!classes2.dex): ok
12-11 16:32:28.919 D/nativeloader(27563): Load /data/app/~~mT-jYKGSrXS4RA9sqTOm7w==/host.exp.exponent-9Q_HMbF9D5NCr3yNF-blmg==/base.apk!/lib/arm64-v8a/libreact_codegen_reactnativekeyboardcontroller.so using class loader ns clns-9 (caller=/data/app/~~mT-jYKGSrXS4RA9sqTOm7w==/host.exp.exponent-9Q_HMbF9D5NCr3yNF-blmg==/base.apk!classes2.dex): ok
12-11 16:32:28.920 D/nativeloader(27563): Load /data/app/~~mT-jYKGSrXS4RA9sqTOm7w==/host.exp.exponent-9Q_HMbF9D5NCr3yNF-blmg==/base.apk!/lib/arm64-v8a/libappmodules.so using class loader ns clns-9 (caller=/data/app/~~mT-jYKGSrXS4RA9sqTOm7w==/host.exp.exponent-9Q_HMbF9D5NCr3yNF-blmg==/base.apk!classes2.dex): ok
12-11 16:32:28.921 W/JobServiceContext(  724): Sending onNetworkChanged for a job that isn't started. JobStatus{80e99fa #u0a216/-1527173206 host.exp.exponent/com.google.android.datatransport.runtime.scheduling.jobscheduling.JobInfoSchedulerService u=0 s=10216 TIME=-2s483ms:none NET READY}
12-11 16:32:34.283 D/ProfileInstaller(27563): Skipping profile installation for host.exp.exponent
12-11 16:32:40.743 D/ActivityManager(  724): freezing 27563 host.exp.exponent
12-11 16:39:06.121 W/Bugle   ( 8164): TextClassifierLibManagerImpl: Reclaiming memory at level: 40
12-11 16:42:04.688 I/Finsky  ( 4293): [2] Flushing in-memory image cache
12-11 16:42:04.690 I/Finsky  ( 4293): [2] Flushing in-memory image cache
12-11 16:42:04.690 I/Finsky  ( 4293): [2] Flushing in-memory image cache
12-11 16:42:04.690 I/Finsky  ( 4293): [2] Flushing in-memory image cache
12-11 16:42:04.723 D/nativeloader(27844): Load libframework-connectivity-tiramisu-jni.so using APEX ns com_android_tethering for caller /apex/com.android.tethering/javalib/framework-connectivity-t.jar: ok
12-11 16:42:05.574 I/Finsky  ( 4293): [2] Flushing in-memory image cache
12-11 16:42:05.575 I/Finsky  ( 4293): [2] Flushing in-memory image cache
12-11 16:42:05.579 D/nativeloader(27894): Load libframework-connectivity-tiramisu-jni.so using APEX ns com_android_tethering for caller /apex/com.android.tethering/javalib/framework-connectivity-t.jar: ok
12-11 16:42:05.657 I/Finsky  ( 4293): [2] Flushing in-memory image cache
12-11 16:42:06.123 W/unknown:ReactNative(27894): Packager connection already open, nooping.
12-11 16:42:06.183 E/unknown:ReactNative(27894): Unable to display loading message because react activity isn't active, message: Loading from 10.0.2.2:8081…
12-11 16:42:06.247 E/unknown:ReactHost(27894): 	at expo.modules.ReactActivityDelegateWrapper$onWindowFocusChanged$1.invokeSuspend(ReactActivityDelegateWrapper.kt:353)
12-11 16:42:06.247 E/unknown:ReactHost(27894): 	at expo.modules.ReactActivityDelegateWrapper$onWindowFocusChanged$1.invoke(Unknown Source:8)
12-11 16:42:06.247 E/unknown:ReactHost(27894): 	at expo.modules.ReactActivityDelegateWrapper$onWindowFocusChanged$1.invoke(Unknown Source:4)
12-11 16:42:06.247 E/unknown:ReactHost(27894): 	at expo.modules.ReactActivityDelegateWrapper$launchLifecycleScopeWithLock$1.invokeSuspend(ReactActivityDelegateWrapper.kt:485)
12-11 16:42:06.247 E/unknown:ReactHost(27894): 	at expo.modules.ReactActivityDelegateWrapper.launchLifecycleScopeWithLock(ReactActivityDelegateWrapper.kt:483)
12-11 16:42:06.247 E/unknown:ReactHost(27894): 	at expo.modules.ReactActivityDelegateWrapper.launchLifecycleScopeWithLock$default(ReactActivityDelegateWrapper.kt:479)
12-11 16:42:06.247 E/unknown:ReactHost(27894): 	at expo.modules.ReactActivityDelegateWrapper.onWindowFocusChanged(ReactActivityDelegateWrapper.kt:351)
12-11 16:42:06.727 W/unknown:ReactNative(27894): Could not parse DebugServerException from: {"type":"InternalError","errors":[],"message":"Metro has encountered an error: ENOENT: no such file or directory, open '/Users/jorgeflores/github/App.ReactNative/FacturasSimplesRN/node_modules/react-native-document-picker/package.json': node:fs (443:20)\n\n"}
12-11 16:42:06.727 W/unknown:ReactNative(27894): org.json.JSONException: No value for filename
12-11 16:42:06.727 W/unknown:ReactNative(27894): 	at org.json.JSONObject.get(JSONObject.java:398)
12-11 16:42:06.727 W/unknown:ReactNative(27894): 	at org.json.JSONObject.getString(JSONObject.java:559)
12-11 16:42:06.727 W/unknown:ReactNative(27894): 	at com.facebook.react.common.DebugServerException$Companion.parse(DebugServerException.kt:89)
12-11 16:42:06.727 W/unknown:ReactNative(27894): 	at com.facebook.react.devsupport.BundleDownloader.processBundleResult(BundleDownloader.kt:263)
12-11 16:42:06.727 W/unknown:ReactNative(27894): 	at com.facebook.react.devsupport.BundleDownloader.access$processBundleResult(BundleDownloader.kt:35)
12-11 16:42:06.727 W/unknown:ReactNative(27894): 	at com.facebook.react.devsupport.BundleDownloader$processMultipartResponse$completed$1.onChunkComplete(BundleDownloader.kt:196)
12-11 16:42:06.727 W/unknown:ReactNative(27894): 	at com.facebook.react.devsupport.MultipartStreamReader.emitChunk(MultipartStreamReader.kt:141)
12-11 16:42:06.727 W/unknown:ReactNative(27894): 	at com.facebook.react.devsupport.MultipartStreamReader.readAllParts(MultipartStreamReader.kt:99)
12-11 16:42:06.727 W/unknown:ReactNative(27894): 	at com.facebook.react.devsupport.BundleDownloader.processMultipartResponse(BundleDownloader.kt:178)
12-11 16:42:06.727 W/unknown:ReactNative(27894): 	at com.facebook.react.devsupport.BundleDownloader.access$processMultipartResponse(BundleDownloader.kt:35)
12-11 16:42:06.727 W/unknown:ReactNative(27894): 	at com.facebook.react.devsupport.BundleDownloader$downloadBundleFromURL$1.onResponse(BundleDownloader.kt:128)
12-11 16:42:06.727 W/unknown:ReactNative(27894): 	at okhttp3.internal.connection.RealCall$AsyncCall.run(RealCall.kt:519)
12-11 16:42:06.727 W/unknown:ReactNative(27894): 	at java.util.concurrent.ThreadPoolExecutor.runWorker(ThreadPoolExecutor.java:1154)
12-11 16:42:06.727 W/unknown:ReactNative(27894): 	at java.util.concurrent.ThreadPoolExecutor$Worker.run(ThreadPoolExecutor.java:652)
12-11 16:42:06.727 W/unknown:ReactNative(27894): 	at java.lang.Thread.run(Thread.java:1563)
12-11 16:42:06.727 E/unknown:ReactNative(27894): Unable to download JS bundle
12-11 16:42:06.727 E/unknown:ReactNative(27894): com.facebook.react.common.DebugServerException: The development server returned response error code: 500
12-11 16:42:06.727 E/unknown:ReactNative(27894): 
12-11 16:42:06.727 E/unknown:ReactNative(27894): URL: http://10.0.2.2:8081/.expo/.virtual-metro-entry.bundle?platform=android&dev=true&lazy=true&minify=false&app=com.anonymous.FacturasSimplesRN&modulesOnly=false&runModule=true&excludeSource=true&sourcePaths=url-server
12-11 16:42:06.727 E/unknown:ReactNative(27894): 
12-11 16:42:06.727 E/unknown:ReactNative(27894): Body:
12-11 16:42:06.727 E/unknown:ReactNative(27894): {"type":"InternalError","errors":[],"message":"Metro has encountered an error: ENOENT: no such file or directory, open '/Users/jorgeflores/github/App.ReactNative/FacturasSimplesRN/node_modules/react-native-document-picker/package.json': node:fs (443:20)\n\n"}
12-11 16:42:06.727 E/unknown:ReactNative(27894): 	at com.facebook.react.devsupport.BundleDownloader.processBundleResult(BundleDownloader.kt:276)
12-11 16:42:06.727 E/unknown:ReactNative(27894): 	at com.facebook.react.devsupport.BundleDownloader.access$processBundleResult(BundleDownloader.kt:35)
12-11 16:42:06.727 E/unknown:ReactNative(27894): 	at com.facebook.react.devsupport.BundleDownloader$processMultipartResponse$completed$1.onChunkComplete(BundleDownloader.kt:196)
12-11 16:42:06.727 E/unknown:ReactNative(27894): 	at com.facebook.react.devsupport.MultipartStreamReader.emitChunk(MultipartStreamReader.kt:141)
12-11 16:42:06.727 E/unknown:ReactNative(27894): 	at com.facebook.react.devsupport.MultipartStreamReader.readAllParts(MultipartStreamReader.kt:99)
12-11 16:42:06.727 E/unknown:ReactNative(27894): 	at com.facebook.react.devsupport.BundleDownloader.processMultipartResponse(BundleDownloader.kt:178)
12-11 16:42:06.727 E/unknown:ReactNative(27894): 	at com.facebook.react.devsupport.BundleDownloader.access$processMultipartResponse(BundleDownloader.kt:35)
12-11 16:42:06.727 E/unknown:ReactNative(27894): 	at com.facebook.react.devsupport.BundleDownloader$downloadBundleFromURL$1.onResponse(BundleDownloader.kt:128)
12-11 16:42:06.727 E/unknown:ReactNative(27894): 	at okhttp3.internal.connection.RealCall$AsyncCall.run(RealCall.kt:519)
12-11 16:42:06.727 E/unknown:ReactNative(27894): 	at java.util.concurrent.ThreadPoolExecutor.runWorker(ThreadPoolExecutor.java:1154)
12-11 16:42:06.727 E/unknown:ReactNative(27894): 	at java.util.concurrent.ThreadPoolExecutor$Worker.run(ThreadPoolExecutor.java:652)
12-11 16:42:06.727 E/unknown:ReactNative(27894): 	at java.lang.Thread.run(Thread.java:1563)
12-11 16:42:06.727 E/unknown:ReactNative(27894): Exception in native call
12-11 16:42:06.727 E/unknown:ReactNative(27894): com.facebook.react.common.DebugServerException: The development server returned response error code: 500
12-11 16:42:06.727 E/unknown:ReactNative(27894): 
12-11 16:42:06.727 E/unknown:ReactNative(27894): URL: http://10.0.2.2:8081/.expo/.virtual-metro-entry.bundle?platform=android&dev=true&lazy=true&minify=false&app=com.anonymous.FacturasSimplesRN&modulesOnly=false&runModule=true&excludeSource=true&sourcePaths=url-server
12-11 16:42:06.727 E/unknown:ReactNative(27894): 
12-11 16:42:06.727 E/unknown:ReactNative(27894): Body:
12-11 16:42:06.727 E/unknown:ReactNative(27894): {"type":"InternalError","errors":[],"message":"Metro has encountered an error: ENOENT: no such file or directory, open '/Users/jorgeflores/github/App.ReactNative/FacturasSimplesRN/node_modules/react-native-document-picker/package.json': node:fs (443:20)\n\n"}
12-11 16:42:06.727 E/unknown:ReactNative(27894): 	at com.facebook.react.devsupport.BundleDownloader.processBundleResult(BundleDownloader.kt:276)
12-11 16:42:06.727 E/unknown:ReactNative(27894): 	at com.facebook.react.devsupport.BundleDownloader.access$processBundleResult(BundleDownloader.kt:35)
12-11 16:42:06.727 E/unknown:ReactNative(27894): 	at com.facebook.react.devsupport.BundleDownloader$processMultipartResponse$completed$1.onChunkComplete(BundleDownloader.kt:196)
12-11 16:42:06.727 E/unknown:ReactNative(27894): 	at com.facebook.react.devsupport.MultipartStreamReader.emitChunk(MultipartStreamReader.kt:141)
12-11 16:42:06.727 E/unknown:ReactNative(27894): 	at com.facebook.react.devsupport.MultipartStreamReader.readAllParts(MultipartStreamReader.kt:99)
12-11 16:42:06.727 E/unknown:ReactNative(27894): 	at com.facebook.react.devsupport.BundleDownloader.processMultipartResponse(BundleDownloader.kt:178)
12-11 16:42:06.727 E/unknown:ReactNative(27894): 	at com.facebook.react.devsupport.BundleDownloader.access$processMultipartResponse(BundleDownloader.kt:35)
12-11 16:42:06.727 E/unknown:ReactNative(27894): 	at com.facebook.react.devsupport.BundleDownloader$downloadBundleFromURL$1.onResponse(BundleDownloader.kt:128)
12-11 16:42:06.727 E/unknown:ReactNative(27894): 	at okhttp3.internal.connection.RealCall$AsyncCall.run(RealCall.kt:519)
12-11 16:42:06.727 E/unknown:ReactNative(27894): 	at java.util.concurrent.ThreadPoolExecutor.runWorker(ThreadPoolExecutor.java:1154)
12-11 16:42:06.727 E/unknown:ReactNative(27894): 	at java.util.concurrent.ThreadPoolExecutor$Worker.run(ThreadPoolExecutor.java:652)
12-11 16:42:06.727 E/unknown:ReactNative(27894): 	at java.lang.Thread.run(Thread.java:1563)
12-11 16:42:06.727 W/unknown:BridgelessReact(27894): URL: http://10.0.2.2:8081/.expo/.virtual-metro-entry.bundle?platform=android&dev=true&lazy=true&minify=false&app=com.anonymous.FacturasSimplesRN&modulesOnly=false&runModule=true&excludeSource=true&sourcePaths=url-server
12-11 16:42:06.727 W/unknown:BridgelessReact(27894): {"type":"InternalError","errors":[],"message":"Metro has encountered an error: ENOENT: no such file or directory, open '/Users/jorgeflores/github/App.ReactNative/FacturasSimplesRN/node_modules/react-native-document-picker/package.json': node:fs (443:20)\n\n"}")
12-11 16:42:06.727 E/unknown:ReactNative(27894): Exception in native call
12-11 16:42:06.727 E/unknown:ReactNative(27894): com.facebook.react.common.DebugServerException: The development server returned response error code: 500
12-11 16:42:06.727 E/unknown:ReactNative(27894): 
12-11 16:42:06.727 E/unknown:ReactNative(27894): URL: http://10.0.2.2:8081/.expo/.virtual-metro-entry.bundle?platform=android&dev=true&lazy=true&minify=false&app=com.anonymous.FacturasSimplesRN&modulesOnly=false&runModule=true&excludeSource=true&sourcePaths=url-server
12-11 16:42:06.727 E/unknown:ReactNative(27894): 
12-11 16:42:06.727 E/unknown:ReactNative(27894): Body:
12-11 16:42:06.727 E/unknown:ReactNative(27894): {"type":"InternalError","errors":[],"message":"Metro has encountered an error: ENOENT: no such file or directory, open '/Users/jorgeflores/github/App.ReactNative/FacturasSimplesRN/node_modules/react-native-document-picker/package.json': node:fs (443:20)\n\n"}
12-11 16:42:06.727 E/unknown:ReactNative(27894): 	at com.facebook.react.devsupport.BundleDownloader.processBundleResult(BundleDownloader.kt:276)
12-11 16:42:06.727 E/unknown:ReactNative(27894): 	at com.facebook.react.devsupport.BundleDownloader.access$processBundleResult(BundleDownloader.kt:35)
12-11 16:42:06.727 E/unknown:ReactNative(27894): 	at com.facebook.react.devsupport.BundleDownloader$processMultipartResponse$completed$1.onChunkComplete(BundleDownloader.kt:196)
12-11 16:42:06.727 E/unknown:ReactNative(27894): 	at com.facebook.react.devsupport.MultipartStreamReader.emitChunk(MultipartStreamReader.kt:141)
12-11 16:42:06.727 E/unknown:ReactNative(27894): 	at com.facebook.react.devsupport.MultipartStreamReader.readAllParts(MultipartStreamReader.kt:99)
12-11 16:42:06.727 E/unknown:ReactNative(27894): 	at com.facebook.react.devsupport.BundleDownloader.processMultipartResponse(BundleDownloader.kt:178)
12-11 16:42:06.727 E/unknown:ReactNative(27894): 	at com.facebook.react.devsupport.BundleDownloader.access$processMultipartResponse(BundleDownloader.kt:35)
12-11 16:42:06.727 E/unknown:ReactNative(27894): 	at com.facebook.react.devsupport.BundleDownloader$downloadBundleFromURL$1.onResponse(BundleDownloader.kt:128)
12-11 16:42:06.727 E/unknown:ReactNative(27894): 	at okhttp3.internal.connection.RealCall$AsyncCall.run(RealCall.kt:519)
12-11 16:42:06.727 E/unknown:ReactNative(27894): 	at java.util.concurrent.ThreadPoolExecutor.runWorker(ThreadPoolExecutor.java:1154)
12-11 16:42:06.727 E/unknown:ReactNative(27894): 	at java.util.concurrent.ThreadPoolExecutor$Worker.run(ThreadPoolExecutor.java:652)
12-11 16:42:06.727 E/unknown:ReactNative(27894): 	at java.lang.Thread.run(Thread.java:1563)
12-11 16:42:06.729 W/unknown:BridgelessReact(27894): URL: http://10.0.2.2:8081/.expo/.virtual-metro-entry.bundle?platform=android&dev=true&lazy=true&minify=false&app=com.anonymous.FacturasSimplesRN&modulesOnly=false&runModule=true&excludeSource=true&sourcePaths=url-server
12-11 16:42:06.729 W/unknown:BridgelessReact(27894): {"type":"InternalError","errors":[],"message":"Metro has encountered an error: ENOENT: no such file or directory, open '/Users/jorgeflores/github/App.ReactNative/FacturasSimplesRN/node_modules/react-native-document-picker/package.json': node:fs (443:20)\n\n"}")
12-11 16:42:06.729 E/unknown:ReactHost(27894): URL: http://10.0.2.2:8081/.expo/.virtual-metro-entry.bundle?platform=android&dev=true&lazy=true&minify=false&app=com.anonymous.FacturasSimplesRN&modulesOnly=false&runModule=true&excludeSource=true&sourcePaths=url-server
12-11 16:42:06.729 E/unknown:ReactHost(27894): {"type":"InternalError","errors":[],"message":"Metro has encountered an error: ENOENT: no such file or directory, open '/Users/jorgeflores/github/App.ReactNative/FacturasSimplesRN/node_modules/react-native-document-picker/package.json': node:fs (443:20)\n\n"}")
12-11 16:42:06.729 E/unknown:ReactHost(27894): URL: http://10.0.2.2:8081/.expo/.virtual-metro-entry.bundle?platform=android&dev=true&lazy=true&minify=false&app=com.anonymous.FacturasSimplesRN&modulesOnly=false&runModule=true&excludeSource=true&sourcePaths=url-server
12-11 16:42:06.729 E/unknown:ReactHost(27894): {"type":"InternalError","errors":[],"message":"Metro has encountered an error: ENOENT: no such file or directory, open '/Users/jorgeflores/github/App.ReactNative/FacturasSimplesRN/node_modules/react-native-document-picker/package.json': node:fs (443:20)\n\n"}
12-11 16:42:06.749 W/unknown:BridgelessReact(27894): URL: http://10.0.2.2:8081/.expo/.virtual-metro-entry.bundle?platform=android&dev=true&lazy=true&minify=false&app=com.anonymous.FacturasSimplesRN&modulesOnly=false&runModule=true&excludeSource=true&sourcePaths=url-server
12-11 16:42:06.749 W/unknown:BridgelessReact(27894): {"type":"InternalError","errors":[],"message":"Metro has encountered an error: ENOENT: no such file or directory, open '/Users/jorgeflores/github/App.ReactNative/FacturasSimplesRN/node_modules/react-native-document-picker/package.json': node:fs (443:20)\n\n"}. Destroy reason: handleHostException(message = "The development server returned response error code: 500
12-11 16:42:06.749 W/unknown:BridgelessReact(27894): URL: http://10.0.2.2:8081/.expo/.virtual-metro-entry.bundle?platform=android&dev=true&lazy=true&minify=false&app=com.anonymous.FacturasSimplesRN&modulesOnly=false&runModule=true&excludeSource=true&sourcePaths=url-server
12-11 16:42:06.749 W/unknown:BridgelessReact(27894): {"type":"InternalError","errors":[],"message":"Metro has encountered an error: ENOENT: no such file or directory, open '/Users/jorgeflores/github/App.ReactNative/FacturasSimplesRN/node_modules/react-native-document-picker/package.json': node:fs (443:20)\n\n"}")
12-11 16:42:06.750 E/unknown:ReactHost(27894): URL: http://10.0.2.2:8081/.expo/.virtual-metro-entry.bundle?platform=android&dev=true&lazy=true&minify=false&app=com.anonymous.FacturasSimplesRN&modulesOnly=false&runModule=true&excludeSource=true&sourcePaths=url-server
12-11 16:42:06.750 E/unknown:ReactHost(27894): {"type":"InternalError","errors":[],"message":"Metro has encountered an error: ENOENT: no such file or directory, open '/Users/jorgeflores/github/App.ReactNative/FacturasSimplesRN/node_modules/react-native-document-picker/package.json': node:fs (443:20)\n\n"}. Destroy reason: handleHostException(message = "The development server returned response error code: 500
12-11 16:42:06.750 E/unknown:ReactHost(27894): URL: http://10.0.2.2:8081/.expo/.virtual-metro-entry.bundle?platform=android&dev=true&lazy=true&minify=false&app=com.anonymous.FacturasSimplesRN&modulesOnly=false&runModule=true&excludeSource=true&sourcePaths=url-server
12-11 16:42:06.750 E/unknown:ReactHost(27894): {"type":"InternalError","errors":[],"message":"Metro has encountered an error: ENOENT: no such file or directory, open '/Users/jorgeflores/github/App.ReactNative/FacturasSimplesRN/node_modules/react-native-document-picker/package.json': node:fs (443:20)\n\n"}")
12-11 16:42:06.750 W/unknown:BridgelessReact(27894): URL: http://10.0.2.2:8081/.expo/.virtual-metro-entry.bundle?platform=android&dev=true&lazy=true&minify=false&app=com.anonymous.FacturasSimplesRN&modulesOnly=false&runModule=true&excludeSource=true&sourcePaths=url-server
12-11 16:42:06.750 W/unknown:BridgelessReact(27894): {"type":"InternalError","errors":[],"message":"Metro has encountered an error: ENOENT: no such file or directory, open '/Users/jorgeflores/github/App.ReactNative/FacturasSimplesRN/node_modules/react-native-document-picker/package.json': node:fs (443:20)\n\n"}")
12-11 16:42:06.751 E/unknown:ReactHost(27894): URL: http://10.0.2.2:8081/.expo/.virtual-metro-entry.bundle?platform=android&dev=true&lazy=true&minify=false&app=com.anonymous.FacturasSimplesRN&modulesOnly=false&runModule=true&excludeSource=true&sourcePaths=url-server
12-11 16:42:06.751 E/unknown:ReactHost(27894): {"type":"InternalError","errors":[],"message":"Metro has encountered an error: ENOENT: no such file or directory, open '/Users/jorgeflores/github/App.ReactNative/FacturasSimplesRN/node_modules/react-native-document-picker/package.json': node:fs (443:20)\n\n"}")
12-11 16:42:06.751 W/unknown:BridgelessReact(27894): URL: http://10.0.2.2:8081/.expo/.virtual-metro-entry.bundle?platform=android&dev=true&lazy=true&minify=false&app=com.anonymous.FacturasSimplesRN&modulesOnly=false&runModule=true&excludeSource=true&sourcePaths=url-server
12-11 16:42:06.751 W/unknown:BridgelessReact(27894): {"type":"InternalError","errors":[],"message":"Metro has encountered an error: ENOENT: no such file or directory, open '/Users/jorgeflores/github/App.ReactNative/FacturasSimplesRN/node_modules/react-native-document-picker/package.json': node:fs (443:20)\n\n"}")
12-11 16:42:06.751 E/unknown:ReactHost(27894): URL: http://10.0.2.2:8081/.expo/.virtual-metro-entry.bundle?platform=android&dev=true&lazy=true&minify=false&app=com.anonymous.FacturasSimplesRN&modulesOnly=false&runModule=true&excludeSource=true&sourcePaths=url-server
12-11 16:42:06.751 E/unknown:ReactHost(27894): {"type":"InternalError","errors":[],"message":"Metro has encountered an error: ENOENT: no such file or directory, open '/Users/jorgeflores/github/App.ReactNative/FacturasSimplesRN/node_modules/react-native-document-picker/package.json': node:fs (443:20)\n\n"}")
